org/example/qaTransactionTeam/backEnd/utils/BDas400.class
org/example/qaTransactionTeam/backEnd/utils/BDMongo.class
org/example/qaTransactionTeam/backEnd/ronan/Ronan.class
org/example/qaTransactionTeam/backEnd/pushes/PushConfigs.class
org/example/qaTransactionTeam/backEnd/scarecrow/ScarecrowRabbit.class
org/example/qaTransactionTeam/backEnd/hce/ExampleEcKeysFromJws.class
org/example/qaTransactionTeam/frontEnd/utils/widget/GUIButton.class
org/example/qaTransactionTeam/frontEnd/pages/LoginPage.class
org/example/qaTransactionTeam/frontEnd/pages/TransactionPage.class
org/example/qaTransactionTeam/backEnd/scarecrow/Get_pay_auth_req.class
org/example/qaTransactionTeam/backEnd/mobyPay/TokenMobyPay.class
org/example/qaTransactionTeam/backEnd/hce/JWSSignatureVerification.class
org/example/qaTransactionTeam/backEnd/scarecrow/Send_tds.class
org/example/qaTransactionTeam/backEnd/appleGooglePay/AppleGoogleReversalRefund.class
org/example/qaTransactionTeam/backEnd/visaAllias/Allias.class
org/example/qaTransactionTeam/frontEnd/utils/widget/GUILink.class
org/example/qaTransactionTeam/backEnd/hce/KeyTools.class
org/example/qaTransactionTeam/frontEnd/utils/Configs.class
org/example/qaTransactionTeam/frontEnd/utils/widget/GUITextBox.class
org/example/qaTransactionTeam/backEnd/ronan/A2CRonan.class
org/example/qaTransactionTeam/frontEnd/pages/PersonalAreaPage.class
org/example/qaTransactionTeam/backEnd/utils/Apiman.class
org/example/qaTransactionTeam/backEnd/utils/Configs.class
org/example/qaTransactionTeam/backEnd/utils/BDpostgre.class
org/example/qaTransactionTeam/backEnd/ronan/RonanConfigs.class
org/example/qaTransactionTeam/backEnd/utils/Mock.class
org/example/qaTransactionTeam/frontEnd/pageBlocks/OtpBlock.class
org/example/qaTransactionTeam/backEnd/utils/SampleTransformer.class
org/example/qaTransactionTeam/frontEnd/utils/Session.class
org/example/qaTransactionTeam/frontEnd/utils/PageObject.class
org/example/qaTransactionTeam/backEnd/notificationBP/NotificationBP.class
org/example/qaTransactionTeam/backEnd/notificationBP/ApiNotification.class
org/example/qaTransactionTeam/backEnd/pushes/PushesControl.class
org/example/qaTransactionTeam/frontEnd/pageBlocks/MainBlock.class
org/example/qaTransactionTeam/backEnd/hce/HCEConfigsSertificats.class
org/example/qaTransactionTeam/backEnd/prostir/EmissionCard.class
org/example/qaTransactionTeam/frontEnd/utils/widget/GUIInfoPlace.class
org/example/qaTransactionTeam/backEnd/hce/ProjectType.class
org/example/qaTransactionTeam/frontEnd/utils/Widget.class
org/example/qaTransactionTeam/frontEnd/utils/Locator.class
org/example/qaTransactionTeam/backEnd/scarecrow/Single_lookup.class
org/example/qaTransactionTeam/backEnd/scarecrow/Send_pay_auth_res.class
org/example/qaTransactionTeam/backEnd/hce/JWSVerification.class
org/example/qaTransactionTeam/backEnd/hce/VtsEncryptDataResponse.class
org/example/qaTransactionTeam/frontEnd/utils/BlockObject.class
org/example/qaTransactionTeam/backEnd/utils/RabbitMQ.class
org/example/qaTransactionTeam/BaseTest.class
org/example/qaTransactionTeam/backEnd/pushes/PushesToken.class
org/example/qaTransactionTeam/backEnd/mobyPay/MobyTrans.class
org/example/qaTransactionTeam/backEnd/mobyPay/MobyPayTrans.class
org/example/qaTransactionTeam/backEnd/hce/JWSCoded.class
org/example/qaTransactionTeam/backEnd/appleGooglePay/AppleGooglePay.class
