/Users/user/IdeaProjects/qa-transaction-team/src/test/java/test/backTests/prostir/MT2890.java
/Users/user/IdeaProjects/qa-transaction-team/src/test/java/test/backTests/pushes/SendPush.java
/Users/user/IdeaProjects/qa-transaction-team/src/test/java/test/backTests/hce/inbound/ApproveProvisioning.java
/Users/user/IdeaProjects/qa-transaction-team/src/test/java/test/backTests/hce/outbound/TokenLifecycle.java
/Users/user/IdeaProjects/qa-transaction-team/src/test/java/test/backTests/productCatalog/MT2375.java
/Users/user/IdeaProjects/qa-transaction-team/src/test/java/test/backTests/applePayGooglePay/ReversalAppleGoogle.java
/Users/user/IdeaProjects/qa-transaction-team/src/test/java/test/backTests/payHub/AcquiringTest.java
/Users/user/IdeaProjects/qa-transaction-team/src/test/java/test/backTests/productCatalog/MT2727.java
/Users/user/IdeaProjects/qa-transaction-team/src/test/java/test/backTests/transaction/MT2318.java
/Users/user/IdeaProjects/qa-transaction-team/src/test/java/test/backTests/hce/inbound/DeviceTokenBindingRequest.java
/Users/user/IdeaProjects/qa-transaction-team/src/test/java/test/backTests/hce/inbound/GetCardholderVerificationMethods.java
/Users/user/IdeaProjects/qa-transaction-team/src/test/java/test/backTests/transaction/PAYH_7940.java
/Users/user/IdeaProjects/qa-transaction-team/src/test/java/test/backTests/pga/ConfirmDeclineAuthorization.java
/Users/user/IdeaProjects/qa-transaction-team/src/test/java/test/backTests/payHub/PAYH8604.java
/Users/user/IdeaProjects/qa-transaction-team/src/test/java/test/backTests/hce/inbound/CheckEligibility.java
/Users/user/IdeaProjects/qa-transaction-team/src/test/java/test/backTests/hce/outbound/PushCardEnrollmentToWallet.java
/Users/user/IdeaProjects/qa-transaction-team/src/test/java/test/backTests/hce/inbound/SendPasscode.java
/Users/user/IdeaProjects/qa-transaction-team/src/test/java/test/backTests/hce/outbound/PANLifecycle.java
/Users/user/IdeaProjects/qa-transaction-team/src/test/java/test/backTests/beyonder/DublNotifications.java
/Users/user/IdeaProjects/qa-transaction-team/src/test/java/test/backTests/pushes/TestAuthBankPartner.java
/Users/user/IdeaProjects/qa-transaction-team/src/test/java/test/backTests/hce/inbound/PANUpdateNotification.java
/Users/user/IdeaProjects/qa-transaction-team/src/test/java/test/backTests/mobyPay/PAYH_8221.java
/Users/user/IdeaProjects/qa-transaction-team/src/test/java/test/backTests/payHub/PAYH9844.java
/Users/user/IdeaProjects/qa-transaction-team/src/test/java/test/backTests/hce/inbound/CardMetadataUpdateNotification.java
/Users/user/IdeaProjects/qa-transaction-team/src/test/java/test/backTests/payHub/PAYH8514.java
/Users/user/IdeaProjects/qa-transaction-team/src/test/java/test/backTests/beyonder/ApiNotificationTest.java
/Users/user/IdeaProjects/qa-transaction-team/src/test/java/test/backTests/hce/inbound/RetrieveStepUpMethods.java
/Users/user/IdeaProjects/qa-transaction-team/src/test/java/test/backTests/hce/outbound/RetrieveNHPPProfiles.java
/Users/user/IdeaProjects/qa-transaction-team/src/test/java/test/backTests/applePayGooglePay/MT3279.java
/Users/user/IdeaProjects/qa-transaction-team/src/test/java/test/backTests/payHub/RegressTransaction.java
/Users/user/IdeaProjects/qa-transaction-team/src/test/java/test/backTests/ronan/A2CwithRonan.java
/Users/user/IdeaProjects/qa-transaction-team/src/test/java/test/backTests/mobyPay/MobyPayTests.java
/Users/user/IdeaProjects/qa-transaction-team/src/test/java/test/backTests/payByLink/PAYH_8958.java
/Users/user/IdeaProjects/qa-transaction-team/src/test/java/test/testClass.java
/Users/user/IdeaProjects/qa-transaction-team/src/test/java/test/backTests/scarecrow/ScarecrowTests.java
/Users/user/IdeaProjects/qa-transaction-team/src/test/java/test/backTests/applePayGooglePay/threeDS_one/Register.java
/Users/user/IdeaProjects/qa-transaction-team/src/test/java/test/backTests/payHub/CardHolderTest.java
/Users/user/IdeaProjects/qa-transaction-team/src/test/java/test/backTests/applePayGooglePay/RefundAppleGoogle.java
/Users/user/IdeaProjects/qa-transaction-team/src/test/java/test/backTests/beyonder/SendNotification.java
/Users/user/IdeaProjects/qa-transaction-team/src/test/java/test/backTests/applePayGooglePay/threeDS_two/FinalTransAppleGoogle.java
/Users/user/IdeaProjects/qa-transaction-team/src/test/java/test/backTests/pushes/PushesAuthenticationResults.java
/Users/user/IdeaProjects/qa-transaction-team/src/test/java/test/backTests/socketQueue/AddA2CToRabb.java
/Users/user/IdeaProjects/qa-transaction-team/src/test/java/test/backTests/pushes/ControlPushes.java
/Users/user/IdeaProjects/qa-transaction-team/src/test/java/test/backTests/hce/inbound/TokenCreateNotification.java
/Users/user/IdeaProjects/qa-transaction-team/src/test/java/test/backTests/scriptsFotTests/UnlockCard.java
/Users/user/IdeaProjects/qa-transaction-team/src/test/java/test/backTests/hce/outbound/TokenInquiry.java
/Users/user/IdeaProjects/qa-transaction-team/src/test/java/test/backTests/hce/outbound/UpdateCardMetadata.java
/Users/user/IdeaProjects/qa-transaction-team/src/test/java/test/backTests/hce/inbound/ApproveProvisioningStandInNotification.java
/Users/user/IdeaProjects/qa-transaction-team/src/test/java/test/backTests/applePayGooglePay/threeDS_two/Register.java
/Users/user/IdeaProjects/qa-transaction-team/src/test/java/test/backTests/socketQueue/FindCryptogram.java
/Users/user/IdeaProjects/qa-transaction-team/src/test/java/test/backTests/transaction/MT2359.java
/Users/user/IdeaProjects/qa-transaction-team/src/test/java/test/backTests/transaction/MakeTransaction.java
/Users/user/IdeaProjects/qa-transaction-team/src/test/java/test/frontTests/PAYH_7949.java
/Users/user/IdeaProjects/qa-transaction-team/src/test/java/test/backTests/hce/outbound/?okenInquiryByPAN.java
/Users/user/IdeaProjects/qa-transaction-team/src/test/java/test/backTests/transaction/MT2561.java
/Users/user/IdeaProjects/qa-transaction-team/src/test/java/test/backTests/applePayGooglePay/threeDS_one/ThreeDS.java
/Users/user/IdeaProjects/qa-transaction-team/src/test/java/test/backTests/hce/HCEConfigs.java
/Users/user/IdeaProjects/qa-transaction-team/src/test/java/test/backTests/pga/RecurrentTest.java
/Users/user/IdeaProjects/qa-transaction-team/src/test/java/test/backTests/applePayGooglePay/threeDS_two/ThreeDS.java
/Users/user/IdeaProjects/qa-transaction-team/src/test/java/test/backTests/visaAlias/PAYH_8977.java
/Users/user/IdeaProjects/qa-transaction-team/src/test/java/test/backTests/transaction/MT3097.java
/Users/user/IdeaProjects/qa-transaction-team/src/test/java/test/backTests/hce/inbound/TokenNotification.java
/Users/user/IdeaProjects/qa-transaction-team/src/test/java/test/backTests/transaction/MT610.java
/Users/user/IdeaProjects/qa-transaction-team/src/test/java/test/backTests/applePayGooglePay/threeDS_one/FinalTransAppleGoogle.java
